I have started running the test suite on CPU with `CUDA_VISIBLE_DEVICES=""`. I'll proceed once the tests finish.
I've launched the command to verify M1's parameter count and will check the output once completed.
I am waiting for the parameter count command to complete.
I've started searching for the optimal parameter-matched configuration and will check the results once it finishes.
I've launched the parameter verification script on CPU and will wait for it to complete.
# Summary of Deliverables & Verification

All tasks outlined in the brief have been completed. All Python commands were executed strictly on CPU with `CUDA_VISIBLE_DEVICES=""` to avoid interfering with ongoing GPU workloads, and no git commands were run.

---

## 1. Param-Matched Model M4 (`baselines/hex_models.py`)

- **Parameter Analysis**:
  - The connectome model **M1** has **15,387 trainable parameters** (734 network + 14,653 decoders).
  - Target ±5% tolerance range: **[14,618, 16,156]**.
- **Implementation**:
  - Added [`make_small_matched()`](file:///home/user/flyproj/course/baselines/hex_models.py#L341-L344) in [baselines/hex_models.py](file:///home/user/flyproj/course/baselines/hex_models.py):
    ```python
    def make_small_matched() -> HexConvGRUNet:
        """Factory for param-matched HexConvGRUNet (~15,387 params, within +-5% of M1 connectome model)."""
        return HexConvGRUNet(hid_ch=15, n_layers=2, head_ch=18, in_ch=1, extent=15)
    ```
  - Total trainable parameters: **15,402** (+15 parameters, **+0.10%** from 15,387; within the ±5% bound).
  - Kept [`make_small()`](file:///home/user/flyproj/course/baselines/hex_models.py#L336-L339) (4,315 params) intact for backwards compatibility.
- **Verification & Tests**:
  - Added [`test_make_small_matched_param_counts()`](file:///home/user/flyproj/course/baselines/test_baselines.py#L47-L55) to [baselines/test_baselines.py](file:///home/user/flyproj/course/baselines/test_baselines.py) asserting the ±5% parameter bound.
  - Included `make_small_matched` in parametrized output shape and gradient flow test suites.
- **One-Line Switch for `--model m4` in `models.py`**:
  Documented in [README.md](file:///home/user/flyproj/course/README.md#L35-L42) (without touching `models.py`):
  ```diff
  - return {"m4": hex_models.make_small, "m5": hex_models.make_large}[model]()
  + return {"m4": hex_models.make_small_matched, "m5": hex_models.make_large}[model]()
  ```

---

## 2. Remote Machine Portability

- [requirements.txt](file:///home/user/flyproj/course/requirements.txt):
  - Pinned to local versions: `numpy==2.5.2`, `scipy==1.18.1`, `pandas==3.0.6`, `matplotlib==3.11.2`, `h5py==3.16.0`, `pytest==9.1.1`, `torch==2.14.1`, `flyvis==1.2.0`, `datamate==1.0.0`.
  - Added PyTorch CUDA index documentation (`cu124` / `cu121`) for remote GPU VMs / clusters.
- [scripts/setup_remote.sh](file:///home/user/flyproj/course/scripts/setup_remote.sh):
  - Idempotent remote environment initialization.
  - Creates virtual environment via `uv venv` (falling back to `python3 -m venv`).
  - Downloads MPI Sintel complete and depth-training archives via `curl -C -` with `User-Agent: kagpt-fly-research`.
  - Extracts archives using Python's `zipfile` module (eliminating system `unzip` dependencies) and cleans up archives.
  - Resolves `flyvis.sintel_dir` dynamically and symlinks to `$DATA_DIR` (supports custom `DATA_DIR`).
  - Pre-generates null connectomes (`python nulls.py --seeds 0 1 2`) and runs `python -m pytest -q tests`.
- [scripts/grid.tsv](file:///home/user/flyproj/course/scripts/grid.tsv):
  - 24 pre-registered rows:
    - 15 rows: models `m1`–`m5` × seeds `0, 1, 2` at `data_fraction=1.0`.
    - 9 rows: models `m1, m2, m5` × seeds `0, 1, 2` at `data_fraction=0.25`.
    - Configured with placeholder variables `$N_ITERS` and `$LR`.
- [scripts/run_grid.sh](file:///home/user/flyproj/course/scripts/run_grid.sh):
  - Resumable: automatically skips runs with completed `runs/<name>/summary.json`.
  - Supports configurable concurrency per GPU (`JOBS_PER_GPU`, default 1) across single/multi-GPU setups.
  - Redirects logs to `runs/<name>/stdout.log`.
  - Supports optional per-run wall-clock timeout (`TIMEOUT`).
  - Validated dry-run mode (`DRY_RUN=1 scripts/run_grid.sh`).
- [scripts/slurm_array.sbatch](file:///home/user/flyproj/course/scripts/slurm_array.sbatch):
  - SLURM batch array template (`#SBATCH --array=1-24`) mapping tasks to `grid.tsv` rows.
- [README.md](file:///home/user/flyproj/course/README.md):
  - Two-paragraph problem statement and pre-registered hypotheses from [PLAN.md](file:///home/user/flyproj/course/PLAN.md).
  - Model M4 parameter matching and factory switch guide.
  - Local (CPU) and remote (GPU) quick-start guides.
  - Experiment grid execution and SLURM instructions.
  - Test evaluation protocol using `eval.py` (strict test-once policy).
  - End-to-end reproduction guide, data citations (Butler et al., ECCV 2012; Lappalainen et al., Nature 2024).
- [REPORT_AGY_2.md](file:///home/user/flyproj/course/REPORT_AGY_2.md):
  - Comprehensive technical report detailing code changes, parameter math, and full test outputs.

---

## 3. Test & Validation Results

1. **Parameter Counts & Primitives**:
   ```
   === HexConvGRUNet Parameter Counts ===
   make_small(): 4,315 params (target: 3,000 - 6,000)
   make_small_matched(): 15,402 params (target: 15,387 +- 5% -> [14,618, 16,156])
   make_large(): 604,835 params (target: 400,000 - 1,000,000)
   All parameter count checks passed!
   ```
2. **Pytest Suite (`tests/` and `baselines/test_baselines.py`)**:
   ```
   34 passed, 1 warning in 5.90s
   ```
3. **Shell Script Syntax (`bash -n`)**:
   ```bash
   bash -n scripts/setup_remote.sh && bash -n scripts/run_grid.sh && bash -n scripts/slurm_array.sbatch
   # Exit code: 0
   ```
4. **Dry-Run Validation (`DRY_RUN=1 scripts/run_grid.sh`)**:
   Successfully outputs the 24 formatted training commands directed to `runs/<name>/stdout.log` and correctly skips completed runs.
exit=0
